../Core/Src/hd44780.c:104:13:lcd10usDelay	16	static
../Core/Src/hd44780.c:116:13:lcdStrobe	8	static
../Core/Src/hd44780.c:124:13:lcdHigh	16	static
../Core/Src/hd44780.c:133:13:lcdLow	16	static
../Core/Src/hd44780.c:142:13:lcdWrite	16	static
../Core/Src/hd44780.c:163:13:lcdConfig	16	static
../Core/Src/hd44780.c:193:6:lcdClrScr	8	static
../Core/Src/hd44780.c:212:6:lcdReturn	8	static
../Core/Src/hd44780.c:229:6:lcdScroll	16	static
../Core/Src/hd44780.c:257:6:cursorShift	16	static
../Core/Src/hd44780.c:281:6:lcdGoto	16	static
../Core/Src/hd44780.c:303:6:lcdSetMode	16	static
../Core/Src/hd44780.c:311:6:lcdPutc	16	static
../Core/Src/hd44780.c:325:6:lcdPuts	24	static
../Core/Src/hd44780.c:360:6:lcdLoadChar	24	static
../Core/Src/hd44780.c:376:6:lcdDrawChar	16	static
../Core/Src/hd44780.c:390:6:lcdBackSpace	8	static
../Core/Src/hd44780.c:398:17:lcdPow10	24	static
../Core/Src/hd44780.c:412:6:lcdItos	24	static
../Core/Src/hd44780.c:439:6:lcdFtos	16	static
../Core/Src/hd44780.c:458:6:lcdNtos	24	static
../Core/Src/hd44780.c:598:6:lcdInit	8	static
../Core/Src/hd44780.c:617:6:lcdGpioInit	4	static
