../Core/Src/main.c:91:5:main	16	static
../Core/Src/main.c:206:6:SystemClock_Config	88	static
../Core/Src/main.c:248:13:MX_ADC1_Init	24	static
../Core/Src/main.c:300:13:MX_ADC2_Init	24	static
../Core/Src/main.c:352:13:MX_I2C1_Init	8	static
../Core/Src/main.c:386:13:MX_TIM1_Init	32	static
../Core/Src/main.c:435:13:MX_TIM4_Init	64	static
../Core/Src/main.c:502:13:MX_GPIO_Init	48	static
../Core/Src/main.c:560:6:HAL_ADC_ConvCpltCallback	16	static
../Core/Src/main.c:574:6:Error_Handler	4	static,ignoring_inline_asm
